ARM GAS  C:\Users\adm\AppData\Local\Temp\ccSbKkpV.s 			page 1


   1              		.syntax unified
   2              		.cpu cortex-m0plus
   3              		.fpu softvfp
   4              		.eabi_attribute 20, 1
   5              		.eabi_attribute 21, 1
   6              		.eabi_attribute 23, 3
   7              		.eabi_attribute 24, 1
   8              		.eabi_attribute 25, 1
   9              		.eabi_attribute 26, 1
  10              		.eabi_attribute 30, 1
  11              		.eabi_attribute 34, 0
  12              		.eabi_attribute 18, 4
  13              		.thumb
  14              		.syntax unified
  15              		.file	"cyfitter_cfg.c"
  16              		.text
  17              	.Ltext0:
  18              		.cfi_sections	.debug_frame
  19              		.section	.psocinit,"ax",%progbits
  20              		.align	2
  21              		.code	16
  22              		.thumb_func
  23              		.type	ClockSetup, %function
  24              	ClockSetup:
  25              	.LFB4:
  26              		.file 1 "Generated_Source\\PSoC4\\cyfitter_cfg.c"
   1:Generated_Source\PSoC4/cyfitter_cfg.c **** 
   2:Generated_Source\PSoC4/cyfitter_cfg.c **** /*******************************************************************************
   3:Generated_Source\PSoC4/cyfitter_cfg.c **** * File Name: cyfitter_cfg.c
   4:Generated_Source\PSoC4/cyfitter_cfg.c **** * 
   5:Generated_Source\PSoC4/cyfitter_cfg.c **** * PSoC Creator  4.4
   6:Generated_Source\PSoC4/cyfitter_cfg.c **** *
   7:Generated_Source\PSoC4/cyfitter_cfg.c **** * Description:
   8:Generated_Source\PSoC4/cyfitter_cfg.c **** * This file contains device initialization code.
   9:Generated_Source\PSoC4/cyfitter_cfg.c **** * Except for the user defined sections in CyClockStartupError(), this file should not be modified.
  10:Generated_Source\PSoC4/cyfitter_cfg.c **** * This file is automatically generated by PSoC Creator.
  11:Generated_Source\PSoC4/cyfitter_cfg.c **** *
  12:Generated_Source\PSoC4/cyfitter_cfg.c **** ********************************************************************************
  13:Generated_Source\PSoC4/cyfitter_cfg.c **** * Copyright (c) 2007-2020 Cypress Semiconductor.  All rights reserved.
  14:Generated_Source\PSoC4/cyfitter_cfg.c **** * You may use this file only in accordance with the license, terms, conditions, 
  15:Generated_Source\PSoC4/cyfitter_cfg.c **** * disclaimers, and limitations in the end user license agreement accompanying 
  16:Generated_Source\PSoC4/cyfitter_cfg.c **** * the software package with which this file was provided.
  17:Generated_Source\PSoC4/cyfitter_cfg.c **** ********************************************************************************/
  18:Generated_Source\PSoC4/cyfitter_cfg.c **** 
  19:Generated_Source\PSoC4/cyfitter_cfg.c **** #include <string.h>
  20:Generated_Source\PSoC4/cyfitter_cfg.c **** #include "cytypes.h"
  21:Generated_Source\PSoC4/cyfitter_cfg.c **** #include "cydevice_trm.h"
  22:Generated_Source\PSoC4/cyfitter_cfg.c **** #include "cyfitter.h"
  23:Generated_Source\PSoC4/cyfitter_cfg.c **** #include "CyLib.h"
  24:Generated_Source\PSoC4/cyfitter_cfg.c **** #include "cyfitter_cfg.h"
  25:Generated_Source\PSoC4/cyfitter_cfg.c **** #include "cyapicallbacks.h"
  26:Generated_Source\PSoC4/cyfitter_cfg.c **** 
  27:Generated_Source\PSoC4/cyfitter_cfg.c **** 
  28:Generated_Source\PSoC4/cyfitter_cfg.c **** #if defined(__GNUC__) || defined(__ARMCC_VERSION)
  29:Generated_Source\PSoC4/cyfitter_cfg.c ****     #define CYPACKED 
  30:Generated_Source\PSoC4/cyfitter_cfg.c ****     #define CYPACKED_ATTR __attribute__ ((packed))
  31:Generated_Source\PSoC4/cyfitter_cfg.c ****     #define CYALIGNED __attribute__ ((aligned))
ARM GAS  C:\Users\adm\AppData\Local\Temp\ccSbKkpV.s 			page 2


  32:Generated_Source\PSoC4/cyfitter_cfg.c ****     #define CY_CFG_UNUSED __attribute__ ((unused))
  33:Generated_Source\PSoC4/cyfitter_cfg.c ****     #ifndef CY_CFG_SECTION
  34:Generated_Source\PSoC4/cyfitter_cfg.c ****         #define CY_CFG_SECTION __attribute__ ((section(".psocinit")))
  35:Generated_Source\PSoC4/cyfitter_cfg.c ****     #endif
  36:Generated_Source\PSoC4/cyfitter_cfg.c ****     
  37:Generated_Source\PSoC4/cyfitter_cfg.c ****     #if defined(__ARMCC_VERSION)
  38:Generated_Source\PSoC4/cyfitter_cfg.c ****         #define CY_CFG_MEMORY_BARRIER() __memory_changed()
  39:Generated_Source\PSoC4/cyfitter_cfg.c ****     #else
  40:Generated_Source\PSoC4/cyfitter_cfg.c ****         #define CY_CFG_MEMORY_BARRIER() __sync_synchronize()
  41:Generated_Source\PSoC4/cyfitter_cfg.c ****     #endif
  42:Generated_Source\PSoC4/cyfitter_cfg.c ****     
  43:Generated_Source\PSoC4/cyfitter_cfg.c **** #elif defined(__ICCARM__)
  44:Generated_Source\PSoC4/cyfitter_cfg.c ****     #include <intrinsics.h>
  45:Generated_Source\PSoC4/cyfitter_cfg.c **** 
  46:Generated_Source\PSoC4/cyfitter_cfg.c ****     #define CYPACKED __packed
  47:Generated_Source\PSoC4/cyfitter_cfg.c ****     #define CYPACKED_ATTR 
  48:Generated_Source\PSoC4/cyfitter_cfg.c ****     #define CYALIGNED _Pragma("data_alignment=4")
  49:Generated_Source\PSoC4/cyfitter_cfg.c ****     #define CY_CFG_UNUSED _Pragma("diag_suppress=Pe177")
  50:Generated_Source\PSoC4/cyfitter_cfg.c ****     #define CY_CFG_SECTION _Pragma("location=\".psocinit\"")
  51:Generated_Source\PSoC4/cyfitter_cfg.c ****     
  52:Generated_Source\PSoC4/cyfitter_cfg.c ****     #define CY_CFG_MEMORY_BARRIER() __DMB()
  53:Generated_Source\PSoC4/cyfitter_cfg.c ****     
  54:Generated_Source\PSoC4/cyfitter_cfg.c **** #else
  55:Generated_Source\PSoC4/cyfitter_cfg.c ****     #error Unsupported toolchain
  56:Generated_Source\PSoC4/cyfitter_cfg.c **** #endif
  57:Generated_Source\PSoC4/cyfitter_cfg.c **** 
  58:Generated_Source\PSoC4/cyfitter_cfg.c **** #ifndef CYCODE
  59:Generated_Source\PSoC4/cyfitter_cfg.c ****     #define CYCODE
  60:Generated_Source\PSoC4/cyfitter_cfg.c **** #endif
  61:Generated_Source\PSoC4/cyfitter_cfg.c **** #ifndef CYDATA
  62:Generated_Source\PSoC4/cyfitter_cfg.c ****     #define CYDATA
  63:Generated_Source\PSoC4/cyfitter_cfg.c **** #endif
  64:Generated_Source\PSoC4/cyfitter_cfg.c **** #ifndef CYFAR
  65:Generated_Source\PSoC4/cyfitter_cfg.c ****     #define CYFAR
  66:Generated_Source\PSoC4/cyfitter_cfg.c **** #endif
  67:Generated_Source\PSoC4/cyfitter_cfg.c **** #ifndef CYXDATA
  68:Generated_Source\PSoC4/cyfitter_cfg.c ****     #define CYXDATA
  69:Generated_Source\PSoC4/cyfitter_cfg.c **** #endif
  70:Generated_Source\PSoC4/cyfitter_cfg.c **** 
  71:Generated_Source\PSoC4/cyfitter_cfg.c **** 
  72:Generated_Source\PSoC4/cyfitter_cfg.c **** CY_CFG_UNUSED
  73:Generated_Source\PSoC4/cyfitter_cfg.c **** static void CYMEMZERO(void *s, size_t n);
  74:Generated_Source\PSoC4/cyfitter_cfg.c **** CY_CFG_UNUSED
  75:Generated_Source\PSoC4/cyfitter_cfg.c **** static void CYMEMZERO(void *s, size_t n)
  76:Generated_Source\PSoC4/cyfitter_cfg.c **** {
  77:Generated_Source\PSoC4/cyfitter_cfg.c **** 	(void)memset(s, 0, n);
  78:Generated_Source\PSoC4/cyfitter_cfg.c **** }
  79:Generated_Source\PSoC4/cyfitter_cfg.c **** CY_CFG_UNUSED
  80:Generated_Source\PSoC4/cyfitter_cfg.c **** static void CYCONFIGCPY(void *dest, const void *src, size_t n);
  81:Generated_Source\PSoC4/cyfitter_cfg.c **** CY_CFG_UNUSED
  82:Generated_Source\PSoC4/cyfitter_cfg.c **** static void CYCONFIGCPY(void *dest, const void *src, size_t n)
  83:Generated_Source\PSoC4/cyfitter_cfg.c **** {
  84:Generated_Source\PSoC4/cyfitter_cfg.c **** 	(void)memcpy(dest, src, n);
  85:Generated_Source\PSoC4/cyfitter_cfg.c **** }
  86:Generated_Source\PSoC4/cyfitter_cfg.c **** CY_CFG_UNUSED
  87:Generated_Source\PSoC4/cyfitter_cfg.c **** static void CYCONFIGCPYCODE(void *dest, const void *src, size_t n);
  88:Generated_Source\PSoC4/cyfitter_cfg.c **** CY_CFG_UNUSED
ARM GAS  C:\Users\adm\AppData\Local\Temp\ccSbKkpV.s 			page 3


  89:Generated_Source\PSoC4/cyfitter_cfg.c **** static void CYCONFIGCPYCODE(void *dest, const void *src, size_t n)
  90:Generated_Source\PSoC4/cyfitter_cfg.c **** {
  91:Generated_Source\PSoC4/cyfitter_cfg.c **** 	(void)memcpy(dest, src, n);
  92:Generated_Source\PSoC4/cyfitter_cfg.c **** }
  93:Generated_Source\PSoC4/cyfitter_cfg.c **** 
  94:Generated_Source\PSoC4/cyfitter_cfg.c **** 
  95:Generated_Source\PSoC4/cyfitter_cfg.c **** 
  96:Generated_Source\PSoC4/cyfitter_cfg.c **** 
  97:Generated_Source\PSoC4/cyfitter_cfg.c **** /* Clock startup error codes                                                   */
  98:Generated_Source\PSoC4/cyfitter_cfg.c **** #define CYCLOCKSTART_NO_ERROR    0u
  99:Generated_Source\PSoC4/cyfitter_cfg.c **** #define CYCLOCKSTART_XTAL_ERROR  1u
 100:Generated_Source\PSoC4/cyfitter_cfg.c **** #define CYCLOCKSTART_32KHZ_ERROR 2u
 101:Generated_Source\PSoC4/cyfitter_cfg.c **** #define CYCLOCKSTART_PLL_ERROR   3u
 102:Generated_Source\PSoC4/cyfitter_cfg.c **** #define CYCLOCKSTART_FLL_ERROR   4u
 103:Generated_Source\PSoC4/cyfitter_cfg.c **** #define CYCLOCKSTART_WCO_ERROR   5u
 104:Generated_Source\PSoC4/cyfitter_cfg.c **** 
 105:Generated_Source\PSoC4/cyfitter_cfg.c **** 
 106:Generated_Source\PSoC4/cyfitter_cfg.c **** #ifdef CY_NEED_CYCLOCKSTARTUPERROR
 107:Generated_Source\PSoC4/cyfitter_cfg.c **** /*******************************************************************************
 108:Generated_Source\PSoC4/cyfitter_cfg.c **** * Function Name: CyClockStartupError
 109:Generated_Source\PSoC4/cyfitter_cfg.c **** ********************************************************************************
 110:Generated_Source\PSoC4/cyfitter_cfg.c **** * Summary:
 111:Generated_Source\PSoC4/cyfitter_cfg.c **** *  If an error is encountered during clock configuration (crystal startup error,
 112:Generated_Source\PSoC4/cyfitter_cfg.c **** *  PLL lock error, etc.), the system will end up here.  Unless reimplemented by
 113:Generated_Source\PSoC4/cyfitter_cfg.c **** *  the customer, this function will stop in an infinite loop.
 114:Generated_Source\PSoC4/cyfitter_cfg.c **** *
 115:Generated_Source\PSoC4/cyfitter_cfg.c **** * Parameters:
 116:Generated_Source\PSoC4/cyfitter_cfg.c **** *   void
 117:Generated_Source\PSoC4/cyfitter_cfg.c **** *
 118:Generated_Source\PSoC4/cyfitter_cfg.c **** * Return:
 119:Generated_Source\PSoC4/cyfitter_cfg.c **** *   void
 120:Generated_Source\PSoC4/cyfitter_cfg.c **** *
 121:Generated_Source\PSoC4/cyfitter_cfg.c **** *******************************************************************************/
 122:Generated_Source\PSoC4/cyfitter_cfg.c **** CY_CFG_UNUSED
 123:Generated_Source\PSoC4/cyfitter_cfg.c **** static void CyClockStartupError(uint8 errorCode);
 124:Generated_Source\PSoC4/cyfitter_cfg.c **** CY_CFG_UNUSED
 125:Generated_Source\PSoC4/cyfitter_cfg.c **** static void CyClockStartupError(uint8 errorCode)
 126:Generated_Source\PSoC4/cyfitter_cfg.c **** {
 127:Generated_Source\PSoC4/cyfitter_cfg.c ****     /* To remove the compiler warning if errorCode not used.                */
 128:Generated_Source\PSoC4/cyfitter_cfg.c ****     errorCode = errorCode;
 129:Generated_Source\PSoC4/cyfitter_cfg.c **** 
 130:Generated_Source\PSoC4/cyfitter_cfg.c ****     /* If we have a clock startup error (bad MHz crystal, PLL lock, etc.),  */
 131:Generated_Source\PSoC4/cyfitter_cfg.c ****     /* we will end up here to allow the customer to implement something to  */
 132:Generated_Source\PSoC4/cyfitter_cfg.c ****     /* deal with the clock condition.                                       */
 133:Generated_Source\PSoC4/cyfitter_cfg.c **** 
 134:Generated_Source\PSoC4/cyfitter_cfg.c **** #ifdef CY_CFG_CLOCK_STARTUP_ERROR_CALLBACK
 135:Generated_Source\PSoC4/cyfitter_cfg.c ****     CY_CFG_Clock_Startup_ErrorCallback();
 136:Generated_Source\PSoC4/cyfitter_cfg.c **** #else
 137:Generated_Source\PSoC4/cyfitter_cfg.c ****     /*  If not using CY_CFG_CLOCK_STARTUP_ERROR_CALLBACK, place your clock startup code here. */
 138:Generated_Source\PSoC4/cyfitter_cfg.c ****     /* `#START CyClockStartupError` */
 139:Generated_Source\PSoC4/cyfitter_cfg.c **** 
 140:Generated_Source\PSoC4/cyfitter_cfg.c **** 
 141:Generated_Source\PSoC4/cyfitter_cfg.c **** 
 142:Generated_Source\PSoC4/cyfitter_cfg.c ****     /* `#END` */
 143:Generated_Source\PSoC4/cyfitter_cfg.c **** 
 144:Generated_Source\PSoC4/cyfitter_cfg.c ****     while(1) {}
 145:Generated_Source\PSoC4/cyfitter_cfg.c **** #endif /* CY_CFG_CLOCK_STARTUP_ERROR_CALLBACK */
ARM GAS  C:\Users\adm\AppData\Local\Temp\ccSbKkpV.s 			page 4


 146:Generated_Source\PSoC4/cyfitter_cfg.c **** }
 147:Generated_Source\PSoC4/cyfitter_cfg.c **** #endif
 148:Generated_Source\PSoC4/cyfitter_cfg.c **** 
 149:Generated_Source\PSoC4/cyfitter_cfg.c **** 
 150:Generated_Source\PSoC4/cyfitter_cfg.c **** 
 151:Generated_Source\PSoC4/cyfitter_cfg.c **** /*******************************************************************************
 152:Generated_Source\PSoC4/cyfitter_cfg.c **** * Function Name: ClockSetup
 153:Generated_Source\PSoC4/cyfitter_cfg.c **** ********************************************************************************
 154:Generated_Source\PSoC4/cyfitter_cfg.c **** *
 155:Generated_Source\PSoC4/cyfitter_cfg.c **** * Summary:
 156:Generated_Source\PSoC4/cyfitter_cfg.c **** *   Performs the initialization of all of the clocks in the device based on the
 157:Generated_Source\PSoC4/cyfitter_cfg.c **** *   settings in the Clock tab of the DWR.  This includes enabling the requested
 158:Generated_Source\PSoC4/cyfitter_cfg.c **** *   clocks and setting the necessary dividers to produce the desired frequency. 
 159:Generated_Source\PSoC4/cyfitter_cfg.c **** *
 160:Generated_Source\PSoC4/cyfitter_cfg.c **** * Parameters:
 161:Generated_Source\PSoC4/cyfitter_cfg.c **** *   void
 162:Generated_Source\PSoC4/cyfitter_cfg.c **** *
 163:Generated_Source\PSoC4/cyfitter_cfg.c **** * Return:
 164:Generated_Source\PSoC4/cyfitter_cfg.c **** *   void
 165:Generated_Source\PSoC4/cyfitter_cfg.c **** *
 166:Generated_Source\PSoC4/cyfitter_cfg.c **** *******************************************************************************/
 167:Generated_Source\PSoC4/cyfitter_cfg.c **** static void ClockSetup(void);
 168:Generated_Source\PSoC4/cyfitter_cfg.c **** CY_CFG_SECTION
 169:Generated_Source\PSoC4/cyfitter_cfg.c **** static void ClockSetup(void)
 170:Generated_Source\PSoC4/cyfitter_cfg.c **** {
  27              		.loc 1 170 0
  28              		.cfi_startproc
  29              		@ args = 0, pretend = 0, frame = 0
  30              		@ frame_needed = 0, uses_anonymous_args = 0
  31 0000 10B5     		push	{r4, lr}
  32              		.cfi_def_cfa_offset 8
  33              		.cfi_offset 4, -8
  34              		.cfi_offset 14, -4
 171:Generated_Source\PSoC4/cyfitter_cfg.c **** 
 172:Generated_Source\PSoC4/cyfitter_cfg.c **** 	/* Set Flash Cycles based on max possible frequency in case a glitch occurs during ClockSetup(). *
 173:Generated_Source\PSoC4/cyfitter_cfg.c **** 	CY_SET_REG32((void CYXDATA *)(CYREG_CPUSS_FLASH_CTL), (0x0012u));
  35              		.loc 1 173 0
  36 0002 114C     		ldr	r4, .L2
  37 0004 1223     		movs	r3, #18
  38 0006 2360     		str	r3, [r4]
 174:Generated_Source\PSoC4/cyfitter_cfg.c **** 	/* Update IMO to new clock speed. */
 175:Generated_Source\PSoC4/cyfitter_cfg.c **** 	CySysClkWriteImoFreq(24u);
  39              		.loc 1 175 0
  40 0008 1820     		movs	r0, #24
  41 000a FFF7FEFF 		bl	CySysClkWriteImoFreq
  42              	.LVL0:
 176:Generated_Source\PSoC4/cyfitter_cfg.c **** 
 177:Generated_Source\PSoC4/cyfitter_cfg.c **** 	/* Setup phase aligned clocks */
 178:Generated_Source\PSoC4/cyfitter_cfg.c **** 	CY_SET_REG32((void *)CYREG_PERI_DIV_16_CTL0, 0x0000FE00u);
  43              		.loc 1 178 0
  44 000e FE22     		movs	r2, #254
  45 0010 1202     		lsls	r2, r2, #8
  46 0012 0E4B     		ldr	r3, .L2+4
  47 0014 1A60     		str	r2, [r3]
 179:Generated_Source\PSoC4/cyfitter_cfg.c **** 	CY_SET_REG32((void *)CYREG_PERI_DIV_CMD, 0x8000FF40u);
  48              		.loc 1 179 0
  49 0016 0E4B     		ldr	r3, .L2+8
ARM GAS  C:\Users\adm\AppData\Local\Temp\ccSbKkpV.s 			page 5


  50 0018 0E4A     		ldr	r2, .L2+12
  51 001a 1A60     		str	r2, [r3]
 180:Generated_Source\PSoC4/cyfitter_cfg.c **** 	CY_SET_REG32((void *)CYREG_PERI_DIV_16_CTL1, 0x00001000u);
  52              		.loc 1 180 0
  53 001c 8021     		movs	r1, #128
  54 001e 4901     		lsls	r1, r1, #5
  55 0020 0D4A     		ldr	r2, .L2+16
  56 0022 1160     		str	r1, [r2]
 181:Generated_Source\PSoC4/cyfitter_cfg.c **** 	CY_SET_REG32((void *)CYREG_PERI_DIV_CMD, 0x8000FF41u);
  57              		.loc 1 181 0
  58 0024 0D4A     		ldr	r2, .L2+20
  59 0026 1A60     		str	r2, [r3]
 182:Generated_Source\PSoC4/cyfitter_cfg.c **** 
 183:Generated_Source\PSoC4/cyfitter_cfg.c **** 	/* CYDEV_CLK_SELECT Starting address: CYDEV_CLK_SELECT */
 184:Generated_Source\PSoC4/cyfitter_cfg.c **** 	CY_SET_REG32((void *)(CYREG_CLK_SELECT), 0x00000000u);
  60              		.loc 1 184 0
  61 0028 0022     		movs	r2, #0
  62 002a 0D4B     		ldr	r3, .L2+24
  63 002c 1A60     		str	r2, [r3]
 185:Generated_Source\PSoC4/cyfitter_cfg.c **** 
 186:Generated_Source\PSoC4/cyfitter_cfg.c **** 	/* CYDEV_PERI_PCLK_CTL2 Starting address: CYDEV_PERI_PCLK_CTL2 */
 187:Generated_Source\PSoC4/cyfitter_cfg.c **** 	CY_SET_REG32((void *)(CYREG_PERI_PCLK_CTL2), 0x00000040u);
  64              		.loc 1 187 0
  65 002e 4032     		adds	r2, r2, #64
  66 0030 0C4B     		ldr	r3, .L2+28
  67 0032 1A60     		str	r2, [r3]
 188:Generated_Source\PSoC4/cyfitter_cfg.c **** 
 189:Generated_Source\PSoC4/cyfitter_cfg.c **** 	/* CYDEV_PERI_PCLK_CTL0 Starting address: CYDEV_PERI_PCLK_CTL0 */
 190:Generated_Source\PSoC4/cyfitter_cfg.c **** 	CY_SET_REG32((void *)(CYREG_PERI_PCLK_CTL0), 0x00000041u);
  68              		.loc 1 190 0
  69 0034 0132     		adds	r2, r2, #1
  70 0036 0C4B     		ldr	r3, .L2+32
  71 0038 1A60     		str	r2, [r3]
 191:Generated_Source\PSoC4/cyfitter_cfg.c **** 
 192:Generated_Source\PSoC4/cyfitter_cfg.c **** 	CY_SET_REG32((void *)(CYREG_WDT_MATCH), 0x00011000u);
  72              		.loc 1 192 0
  73 003a 8822     		movs	r2, #136
  74 003c 5202     		lsls	r2, r2, #9
  75 003e 0B4B     		ldr	r3, .L2+36
  76 0040 1A60     		str	r2, [r3]
 193:Generated_Source\PSoC4/cyfitter_cfg.c **** 	/* Set Flash Cycles based on newly configured 24.00MHz HFCLK. */
 194:Generated_Source\PSoC4/cyfitter_cfg.c **** 	CY_SET_REG32((void CYXDATA *)(CYREG_CPUSS_FLASH_CTL), (0x0011u));
  77              		.loc 1 194 0
  78 0042 1123     		movs	r3, #17
  79 0044 2360     		str	r3, [r4]
 195:Generated_Source\PSoC4/cyfitter_cfg.c **** }
  80              		.loc 1 195 0
  81              		@ sp needed
  82 0046 10BD     		pop	{r4, pc}
  83              	.L3:
  84              		.align	2
  85              	.L2:
  86 0048 30001040 		.word	1074790448
  87 004c 00030140 		.word	1073808128
  88 0050 00000140 		.word	1073807360
  89 0054 40FF0080 		.word	-2147418304
  90 0058 04030140 		.word	1073808132
ARM GAS  C:\Users\adm\AppData\Local\Temp\ccSbKkpV.s 			page 6


  91 005c 41FF0080 		.word	-2147418303
  92 0060 28000340 		.word	1073938472
  93 0064 08010140 		.word	1073807624
  94 0068 00010140 		.word	1073807616
  95 006c 40000340 		.word	1073938496
  96              		.cfi_endproc
  97              	.LFE4:
  98              		.size	ClockSetup, .-ClockSetup
  99              		.section	.text.SetAnalogRoutingPumps,"ax",%progbits
 100              		.align	2
 101              		.global	SetAnalogRoutingPumps
 102              		.code	16
 103              		.thumb_func
 104              		.type	SetAnalogRoutingPumps, %function
 105              	SetAnalogRoutingPumps:
 106              	.LFB6:
 196:Generated_Source\PSoC4/cyfitter_cfg.c **** 
 197:Generated_Source\PSoC4/cyfitter_cfg.c **** 
 198:Generated_Source\PSoC4/cyfitter_cfg.c **** /* Analog API Functions */
 199:Generated_Source\PSoC4/cyfitter_cfg.c **** 
 200:Generated_Source\PSoC4/cyfitter_cfg.c **** 
 201:Generated_Source\PSoC4/cyfitter_cfg.c **** /*******************************************************************************
 202:Generated_Source\PSoC4/cyfitter_cfg.c **** * Function Name: AnalogSetDefault
 203:Generated_Source\PSoC4/cyfitter_cfg.c **** ********************************************************************************
 204:Generated_Source\PSoC4/cyfitter_cfg.c **** *
 205:Generated_Source\PSoC4/cyfitter_cfg.c **** * Summary:
 206:Generated_Source\PSoC4/cyfitter_cfg.c **** *  Sets up the analog portions of the chip to default values based on chip
 207:Generated_Source\PSoC4/cyfitter_cfg.c **** *  configuration options from the project.
 208:Generated_Source\PSoC4/cyfitter_cfg.c **** *
 209:Generated_Source\PSoC4/cyfitter_cfg.c **** * Parameters:
 210:Generated_Source\PSoC4/cyfitter_cfg.c **** *  void
 211:Generated_Source\PSoC4/cyfitter_cfg.c **** *
 212:Generated_Source\PSoC4/cyfitter_cfg.c **** * Return:
 213:Generated_Source\PSoC4/cyfitter_cfg.c **** *  void
 214:Generated_Source\PSoC4/cyfitter_cfg.c **** *
 215:Generated_Source\PSoC4/cyfitter_cfg.c **** *******************************************************************************/
 216:Generated_Source\PSoC4/cyfitter_cfg.c **** static void AnalogSetDefault(void);
 217:Generated_Source\PSoC4/cyfitter_cfg.c **** static void AnalogSetDefault(void)
 218:Generated_Source\PSoC4/cyfitter_cfg.c **** {
 219:Generated_Source\PSoC4/cyfitter_cfg.c **** 	CY_SET_XTND_REG32((void CYFAR *)CYREG_CSD_SW_DSI_SEL, 0x00000001u);
 220:Generated_Source\PSoC4/cyfitter_cfg.c **** 	SetAnalogRoutingPumps(1);
 221:Generated_Source\PSoC4/cyfitter_cfg.c **** }
 222:Generated_Source\PSoC4/cyfitter_cfg.c **** 
 223:Generated_Source\PSoC4/cyfitter_cfg.c **** 
 224:Generated_Source\PSoC4/cyfitter_cfg.c **** /*******************************************************************************
 225:Generated_Source\PSoC4/cyfitter_cfg.c **** * Function Name: SetAnalogRoutingPumps
 226:Generated_Source\PSoC4/cyfitter_cfg.c **** ********************************************************************************
 227:Generated_Source\PSoC4/cyfitter_cfg.c **** *
 228:Generated_Source\PSoC4/cyfitter_cfg.c **** * Summary:
 229:Generated_Source\PSoC4/cyfitter_cfg.c **** * Enables or disables the analog pumps feeding analog routing switches.
 230:Generated_Source\PSoC4/cyfitter_cfg.c **** * Intended to be called at startup, based on the Vdda system configuration;
 231:Generated_Source\PSoC4/cyfitter_cfg.c **** * may be called during operation when the user informs us that the Vdda voltage crossed the pump th
 232:Generated_Source\PSoC4/cyfitter_cfg.c **** *
 233:Generated_Source\PSoC4/cyfitter_cfg.c **** * Parameters:
 234:Generated_Source\PSoC4/cyfitter_cfg.c **** *  enabled - 1 to enable the pumps, 0 to disable the pumps
 235:Generated_Source\PSoC4/cyfitter_cfg.c **** *
 236:Generated_Source\PSoC4/cyfitter_cfg.c **** * Return:
ARM GAS  C:\Users\adm\AppData\Local\Temp\ccSbKkpV.s 			page 7


 237:Generated_Source\PSoC4/cyfitter_cfg.c **** *  void
 238:Generated_Source\PSoC4/cyfitter_cfg.c **** *
 239:Generated_Source\PSoC4/cyfitter_cfg.c **** *******************************************************************************/
 240:Generated_Source\PSoC4/cyfitter_cfg.c **** void SetAnalogRoutingPumps(uint8 enabled)
 241:Generated_Source\PSoC4/cyfitter_cfg.c **** {
 107              		.loc 1 241 0
 108              		.cfi_startproc
 109              		@ args = 0, pretend = 0, frame = 0
 110              		@ frame_needed = 0, uses_anonymous_args = 0
 111              		@ link register save eliminated.
 112              	.LVL1:
 242:Generated_Source\PSoC4/cyfitter_cfg.c **** 	uint32 regValue = CY_GET_XTND_REG32((void *)(CYREG_HSIOM_PUMP_CTL));
 113              		.loc 1 242 0
 114 0000 0B4B     		ldr	r3, .L9
 115 0002 1B68     		ldr	r3, [r3]
 116              	.LVL2:
 243:Generated_Source\PSoC4/cyfitter_cfg.c **** 	if (enabled != 0u)
 117              		.loc 1 243 0
 118 0004 0028     		cmp	r0, #0
 119 0006 03D0     		beq	.L5
 244:Generated_Source\PSoC4/cyfitter_cfg.c **** 	{
 245:Generated_Source\PSoC4/cyfitter_cfg.c **** 		regValue |= 0x80000000u;
 120              		.loc 1 245 0
 121 0008 8022     		movs	r2, #128
 122 000a 1206     		lsls	r2, r2, #24
 123 000c 1343     		orrs	r3, r2
 124              	.LVL3:
 125 000e 01E0     		b	.L6
 126              	.L5:
 246:Generated_Source\PSoC4/cyfitter_cfg.c **** 	}
 247:Generated_Source\PSoC4/cyfitter_cfg.c **** 	else
 248:Generated_Source\PSoC4/cyfitter_cfg.c **** 	{
 249:Generated_Source\PSoC4/cyfitter_cfg.c **** 		regValue &= ~0x80000000u;
 127              		.loc 1 249 0
 128 0010 5B00     		lsls	r3, r3, #1
 129              	.LVL4:
 130 0012 5B08     		lsrs	r3, r3, #1
 131              	.LVL5:
 132              	.L6:
 250:Generated_Source\PSoC4/cyfitter_cfg.c **** 	}
 251:Generated_Source\PSoC4/cyfitter_cfg.c **** 	CY_SET_XTND_REG32((void *)(CYREG_HSIOM_PUMP_CTL), regValue);
 133              		.loc 1 251 0
 134 0014 064A     		ldr	r2, .L9
 135 0016 1360     		str	r3, [r2]
 252:Generated_Source\PSoC4/cyfitter_cfg.c **** 	regValue = CY_GET_XTND_REG32((void *)(CYREG_CLK_SELECT));
 136              		.loc 1 252 0
 137 0018 064B     		ldr	r3, .L9+4
 138              	.LVL6:
 139 001a 1B68     		ldr	r3, [r3]
 140              	.LVL7:
 253:Generated_Source\PSoC4/cyfitter_cfg.c **** 	if (enabled != 0u)
 141              		.loc 1 253 0
 142 001c 0028     		cmp	r0, #0
 143 001e 02D0     		beq	.L7
 254:Generated_Source\PSoC4/cyfitter_cfg.c **** 	{
 255:Generated_Source\PSoC4/cyfitter_cfg.c **** 		regValue |= 0x00000020u;
 144              		.loc 1 255 0
ARM GAS  C:\Users\adm\AppData\Local\Temp\ccSbKkpV.s 			page 8


 145 0020 2022     		movs	r2, #32
 146 0022 1343     		orrs	r3, r2
 147              	.LVL8:
 148 0024 01E0     		b	.L8
 149              	.L7:
 256:Generated_Source\PSoC4/cyfitter_cfg.c **** 	}
 257:Generated_Source\PSoC4/cyfitter_cfg.c **** 	else
 258:Generated_Source\PSoC4/cyfitter_cfg.c **** 	{
 259:Generated_Source\PSoC4/cyfitter_cfg.c **** 		regValue &= ~0x00000020u;
 150              		.loc 1 259 0
 151 0026 2022     		movs	r2, #32
 152 0028 9343     		bics	r3, r2
 153              	.LVL9:
 154              	.L8:
 260:Generated_Source\PSoC4/cyfitter_cfg.c **** 	}
 261:Generated_Source\PSoC4/cyfitter_cfg.c **** 	CY_SET_XTND_REG32((void *)(CYREG_CLK_SELECT), regValue);
 155              		.loc 1 261 0
 156 002a 024A     		ldr	r2, .L9+4
 157 002c 1360     		str	r3, [r2]
 262:Generated_Source\PSoC4/cyfitter_cfg.c **** }
 158              		.loc 1 262 0
 159              		@ sp needed
 160 002e 7047     		bx	lr
 161              	.L10:
 162              		.align	2
 163              	.L9:
 164 0030 00200240 		.word	1073881088
 165 0034 28000340 		.word	1073938472
 166              		.cfi_endproc
 167              	.LFE6:
 168              		.size	SetAnalogRoutingPumps, .-SetAnalogRoutingPumps
 169              		.section	.text.AnalogSetDefault,"ax",%progbits
 170              		.align	2
 171              		.code	16
 172              		.thumb_func
 173              		.type	AnalogSetDefault, %function
 174              	AnalogSetDefault:
 175              	.LFB5:
 218:Generated_Source\PSoC4/cyfitter_cfg.c **** 	CY_SET_XTND_REG32((void CYFAR *)CYREG_CSD_SW_DSI_SEL, 0x00000001u);
 176              		.loc 1 218 0
 177              		.cfi_startproc
 178              		@ args = 0, pretend = 0, frame = 0
 179              		@ frame_needed = 0, uses_anonymous_args = 0
 180 0000 10B5     		push	{r4, lr}
 181              		.cfi_def_cfa_offset 8
 182              		.cfi_offset 4, -8
 183              		.cfi_offset 14, -4
 219:Generated_Source\PSoC4/cyfitter_cfg.c **** 	SetAnalogRoutingPumps(1);
 184              		.loc 1 219 0
 185 0002 0122     		movs	r2, #1
 186 0004 024B     		ldr	r3, .L12
 187 0006 1A60     		str	r2, [r3]
 220:Generated_Source\PSoC4/cyfitter_cfg.c **** }
 188              		.loc 1 220 0
 189 0008 0120     		movs	r0, #1
 190 000a FFF7FEFF 		bl	SetAnalogRoutingPumps
 191              	.LVL10:
ARM GAS  C:\Users\adm\AppData\Local\Temp\ccSbKkpV.s 			page 9


 221:Generated_Source\PSoC4/cyfitter_cfg.c **** 
 192              		.loc 1 221 0
 193              		@ sp needed
 194 000e 10BD     		pop	{r4, pc}
 195              	.L13:
 196              		.align	2
 197              	.L12:
 198 0010 C0020B40 		.word	1074463424
 199              		.cfi_endproc
 200              	.LFE5:
 201              		.size	AnalogSetDefault, .-AnalogSetDefault
 202              		.section	.psocinit
 203              		.align	2
 204              		.global	cyfitter_cfg
 205              		.code	16
 206              		.thumb_func
 207              		.type	cyfitter_cfg, %function
 208              	cyfitter_cfg:
 209              	.LFB7:
 263:Generated_Source\PSoC4/cyfitter_cfg.c **** 
 264:Generated_Source\PSoC4/cyfitter_cfg.c **** 
 265:Generated_Source\PSoC4/cyfitter_cfg.c **** 
 266:Generated_Source\PSoC4/cyfitter_cfg.c **** 
 267:Generated_Source\PSoC4/cyfitter_cfg.c **** /*******************************************************************************
 268:Generated_Source\PSoC4/cyfitter_cfg.c **** * Function Name: cyfitter_cfg
 269:Generated_Source\PSoC4/cyfitter_cfg.c **** ********************************************************************************
 270:Generated_Source\PSoC4/cyfitter_cfg.c **** * Summary:
 271:Generated_Source\PSoC4/cyfitter_cfg.c **** *  This function is called by the start-up code for the selected device. It
 272:Generated_Source\PSoC4/cyfitter_cfg.c **** *  performs all of the necessary device configuration based on the design
 273:Generated_Source\PSoC4/cyfitter_cfg.c **** *  settings.  This includes settings from the Design Wide Resources (DWR) such
 274:Generated_Source\PSoC4/cyfitter_cfg.c **** *  as Clocks and Pins as well as any component configuration that is necessary.
 275:Generated_Source\PSoC4/cyfitter_cfg.c **** *
 276:Generated_Source\PSoC4/cyfitter_cfg.c **** * Parameters:
 277:Generated_Source\PSoC4/cyfitter_cfg.c **** *   void
 278:Generated_Source\PSoC4/cyfitter_cfg.c **** *
 279:Generated_Source\PSoC4/cyfitter_cfg.c **** * Return:
 280:Generated_Source\PSoC4/cyfitter_cfg.c **** *   void
 281:Generated_Source\PSoC4/cyfitter_cfg.c **** *
 282:Generated_Source\PSoC4/cyfitter_cfg.c **** *******************************************************************************/
 283:Generated_Source\PSoC4/cyfitter_cfg.c **** CY_CFG_SECTION
 284:Generated_Source\PSoC4/cyfitter_cfg.c **** void cyfitter_cfg(void)
 285:Generated_Source\PSoC4/cyfitter_cfg.c **** {
 210              		.loc 1 285 0
 211              		.cfi_startproc
 212              		@ args = 0, pretend = 0, frame = 0
 213              		@ frame_needed = 0, uses_anonymous_args = 0
 214 0070 10B5     		push	{r4, lr}
 215              		.cfi_def_cfa_offset 8
 216              		.cfi_offset 4, -8
 217              		.cfi_offset 14, -4
 286:Generated_Source\PSoC4/cyfitter_cfg.c **** 	/* Disable interrupts by default. Let user enable if/when they want. */
 287:Generated_Source\PSoC4/cyfitter_cfg.c **** 	CyGlobalIntDisable;
 218              		.loc 1 287 0
 219              		.syntax divided
 220              	@ 287 "Generated_Source\PSoC4\cyfitter_cfg.c" 1
 221 0072 72B6     		CPSID   i
 222              	@ 0 "" 2
ARM GAS  C:\Users\adm\AppData\Local\Temp\ccSbKkpV.s 			page 10


 288:Generated_Source\PSoC4/cyfitter_cfg.c **** 
 289:Generated_Source\PSoC4/cyfitter_cfg.c **** 	{
 290:Generated_Source\PSoC4/cyfitter_cfg.c **** 		/* HSIOM Starting address: CYDEV_HSIOM_BASE */
 291:Generated_Source\PSoC4/cyfitter_cfg.c **** 		CY_SET_REG32((void *)(CYREG_HSIOM_PORT_SEL1), 0x00000099u);
 223              		.loc 1 291 0
 224              		.thumb
 225              		.syntax unified
 226 0074 9922     		movs	r2, #153
 227 0076 144B     		ldr	r3, .L15
 228 0078 1A60     		str	r2, [r3]
 292:Generated_Source\PSoC4/cyfitter_cfg.c **** 		CY_SET_REG32((void *)(CYREG_HSIOM_PORT_SEL3), 0x0000EE00u);
 229              		.loc 1 292 0
 230 007a EE22     		movs	r2, #238
 231 007c 1202     		lsls	r2, r2, #8
 232 007e 134B     		ldr	r3, .L15+4
 233 0080 1A60     		str	r2, [r3]
 293:Generated_Source\PSoC4/cyfitter_cfg.c **** 
 294:Generated_Source\PSoC4/cyfitter_cfg.c **** 	}
 295:Generated_Source\PSoC4/cyfitter_cfg.c **** 
 296:Generated_Source\PSoC4/cyfitter_cfg.c **** 	/* Perform second pass device configuration. These items must be configured in specific order afte
 297:Generated_Source\PSoC4/cyfitter_cfg.c **** 	/* IOPINS0_0 Starting address: CYDEV_GPIO_PRT0_BASE */
 298:Generated_Source\PSoC4/cyfitter_cfg.c **** 	CY_SET_REG32((void *)(CYDEV_GPIO_PRT0_BASE), 0x00000080u);
 234              		.loc 1 298 0
 235 0082 8022     		movs	r2, #128
 236 0084 124B     		ldr	r3, .L15+8
 237 0086 1A60     		str	r2, [r3]
 299:Generated_Source\PSoC4/cyfitter_cfg.c **** 	CY_SET_REG32((void *)(CYREG_GPIO_PRT0_PC), 0x00400000u);
 238              		.loc 1 299 0
 239 0088 8022     		movs	r2, #128
 240 008a D203     		lsls	r2, r2, #15
 241 008c 114B     		ldr	r3, .L15+12
 242 008e 1A60     		str	r2, [r3]
 300:Generated_Source\PSoC4/cyfitter_cfg.c **** 	CY_SET_REG32((void *)(CYREG_GPIO_PRT0_INTR_CFG), 0x00008000u);
 243              		.loc 1 300 0
 244 0090 8022     		movs	r2, #128
 245 0092 1202     		lsls	r2, r2, #8
 246 0094 104B     		ldr	r3, .L15+16
 247 0096 1A60     		str	r2, [r3]
 301:Generated_Source\PSoC4/cyfitter_cfg.c **** 
 302:Generated_Source\PSoC4/cyfitter_cfg.c **** 	/* IOPINS0_1 Starting address: CYDEV_GPIO_PRT1_BASE */
 303:Generated_Source\PSoC4/cyfitter_cfg.c **** 	CY_SET_REG32((void *)(CYDEV_GPIO_PRT1_BASE), 0x00000062u);
 248              		.loc 1 303 0
 249 0098 6222     		movs	r2, #98
 250 009a 104B     		ldr	r3, .L15+20
 251 009c 1A60     		str	r2, [r3]
 304:Generated_Source\PSoC4/cyfitter_cfg.c **** 	CY_SET_REG32((void *)(CYREG_GPIO_PRT1_PC), 0x00000031u);
 252              		.loc 1 304 0
 253 009e 313A     		subs	r2, r2, #49
 254 00a0 0F4B     		ldr	r3, .L15+24
 255 00a2 1A60     		str	r2, [r3]
 305:Generated_Source\PSoC4/cyfitter_cfg.c **** 	CY_SET_REG32((void *)(CYREG_GPIO_PRT1_PC2), 0x00000072u);
 256              		.loc 1 305 0
 257 00a4 4132     		adds	r2, r2, #65
 258 00a6 0F4B     		ldr	r3, .L15+28
 259 00a8 1A60     		str	r2, [r3]
 306:Generated_Source\PSoC4/cyfitter_cfg.c **** 
 307:Generated_Source\PSoC4/cyfitter_cfg.c **** 	/* IOPINS0_2 Starting address: CYDEV_GPIO_PRT2_BASE */
ARM GAS  C:\Users\adm\AppData\Local\Temp\ccSbKkpV.s 			page 11


 308:Generated_Source\PSoC4/cyfitter_cfg.c **** 	CY_SET_REG32((void *)(CYREG_GPIO_PRT2_PC), 0x00030000u);
 260              		.loc 1 308 0
 261 00aa C022     		movs	r2, #192
 262 00ac 9202     		lsls	r2, r2, #10
 263 00ae 0E4B     		ldr	r3, .L15+32
 264 00b0 1A60     		str	r2, [r3]
 309:Generated_Source\PSoC4/cyfitter_cfg.c **** 
 310:Generated_Source\PSoC4/cyfitter_cfg.c **** 	/* IOPINS0_3 Starting address: CYDEV_GPIO_PRT3_BASE */
 311:Generated_Source\PSoC4/cyfitter_cfg.c **** 	CY_SET_REG32((void *)(CYREG_GPIO_PRT3_PC), 0x001B6D80u);
 265              		.loc 1 311 0
 266 00b2 0E4A     		ldr	r2, .L15+36
 267 00b4 0E4B     		ldr	r3, .L15+40
 268 00b6 1A60     		str	r2, [r3]
 312:Generated_Source\PSoC4/cyfitter_cfg.c **** 
 313:Generated_Source\PSoC4/cyfitter_cfg.c **** 	/* IOPINS0_4 Starting address: CYDEV_GPIO_PRT4_BASE */
 314:Generated_Source\PSoC4/cyfitter_cfg.c **** 	CY_SET_REG32((void *)(CYREG_GPIO_PRT4_PC2), 0x00000008u);
 269              		.loc 1 314 0
 270 00b8 0822     		movs	r2, #8
 271 00ba 0E4B     		ldr	r3, .L15+44
 272 00bc 1A60     		str	r2, [r3]
 315:Generated_Source\PSoC4/cyfitter_cfg.c **** 
 316:Generated_Source\PSoC4/cyfitter_cfg.c **** 
 317:Generated_Source\PSoC4/cyfitter_cfg.c **** 	/* Setup clocks based on selections from Clock DWR */
 318:Generated_Source\PSoC4/cyfitter_cfg.c **** 	ClockSetup();
 273              		.loc 1 318 0
 274 00be FFF79FFF 		bl	ClockSetup
 275              	.LVL11:
 319:Generated_Source\PSoC4/cyfitter_cfg.c **** 
 320:Generated_Source\PSoC4/cyfitter_cfg.c **** 	/* Perform basic analog initialization to defaults */
 321:Generated_Source\PSoC4/cyfitter_cfg.c **** 	AnalogSetDefault();
 276              		.loc 1 321 0
 277 00c2 FFF7FEFF 		bl	AnalogSetDefault
 278              	.LVL12:
 322:Generated_Source\PSoC4/cyfitter_cfg.c **** 
 323:Generated_Source\PSoC4/cyfitter_cfg.c **** }
 279              		.loc 1 323 0
 280              		@ sp needed
 281 00c6 10BD     		pop	{r4, pc}
 282              	.L16:
 283              		.align	2
 284              	.L15:
 285 00c8 00010240 		.word	1073873152
 286 00cc 00030240 		.word	1073873664
 287 00d0 00000440 		.word	1074003968
 288 00d4 08000440 		.word	1074003976
 289 00d8 0C000440 		.word	1074003980
 290 00dc 00010440 		.word	1074004224
 291 00e0 08010440 		.word	1074004232
 292 00e4 18010440 		.word	1074004248
 293 00e8 08020440 		.word	1074004488
 294 00ec 806D1B00 		.word	1797504
 295 00f0 08030440 		.word	1074004744
 296 00f4 18040440 		.word	1074005016
 297              		.cfi_endproc
 298              	.LFE7:
 299              		.size	cyfitter_cfg, .-cyfitter_cfg
 300              		.text
ARM GAS  C:\Users\adm\AppData\Local\Temp\ccSbKkpV.s 			page 12


 301              	.Letext0:
 302              		.file 2 "Generated_Source\\PSoC4\\cytypes.h"
 303              		.file 3 "Generated_Source\\PSoC4\\CyLib.h"
 304              		.section	.debug_info,"",%progbits
 305              	.Ldebug_info0:
 306 0000 64010000 		.4byte	0x164
 307 0004 0400     		.2byte	0x4
 308 0006 00000000 		.4byte	.Ldebug_abbrev0
 309 000a 04       		.byte	0x4
 310 000b 01       		.uleb128 0x1
 311 000c 5F010000 		.4byte	.LASF21
 312 0010 0C       		.byte	0xc
 313 0011 15000000 		.4byte	.LASF22
 314 0015 C3000000 		.4byte	.LASF23
 315 0019 00000000 		.4byte	.Ldebug_ranges0+0
 316 001d 00000000 		.4byte	0
 317 0021 00000000 		.4byte	.Ldebug_line0
 318 0025 02       		.uleb128 0x2
 319 0026 04       		.byte	0x4
 320 0027 05       		.byte	0x5
 321 0028 696E7400 		.ascii	"int\000"
 322 002c 03       		.uleb128 0x3
 323 002d 04       		.byte	0x4
 324 002e 07       		.byte	0x7
 325 002f 3B000000 		.4byte	.LASF0
 326 0033 03       		.uleb128 0x3
 327 0034 08       		.byte	0x8
 328 0035 05       		.byte	0x5
 329 0036 00000000 		.4byte	.LASF1
 330 003a 03       		.uleb128 0x3
 331 003b 08       		.byte	0x8
 332 003c 04       		.byte	0x4
 333 003d 38010000 		.4byte	.LASF2
 334 0041 03       		.uleb128 0x3
 335 0042 01       		.byte	0x1
 336 0043 06       		.byte	0x6
 337 0044 2C010000 		.4byte	.LASF3
 338 0048 03       		.uleb128 0x3
 339 0049 01       		.byte	0x1
 340 004a 08       		.byte	0x8
 341 004b 48000000 		.4byte	.LASF4
 342 004f 03       		.uleb128 0x3
 343 0050 02       		.byte	0x2
 344 0051 05       		.byte	0x5
 345 0052 55010000 		.4byte	.LASF5
 346 0056 03       		.uleb128 0x3
 347 0057 02       		.byte	0x2
 348 0058 07       		.byte	0x7
 349 0059 19010000 		.4byte	.LASF6
 350 005d 03       		.uleb128 0x3
 351 005e 04       		.byte	0x4
 352 005f 05       		.byte	0x5
 353 0060 E7000000 		.4byte	.LASF7
 354 0064 03       		.uleb128 0x3
 355 0065 04       		.byte	0x4
 356 0066 07       		.byte	0x7
 357 0067 5C000000 		.4byte	.LASF8
ARM GAS  C:\Users\adm\AppData\Local\Temp\ccSbKkpV.s 			page 13


 358 006b 03       		.uleb128 0x3
 359 006c 08       		.byte	0x8
 360 006d 07       		.byte	0x7
 361 006e 7B000000 		.4byte	.LASF9
 362 0072 03       		.uleb128 0x3
 363 0073 04       		.byte	0x4
 364 0074 07       		.byte	0x7
 365 0075 F1010000 		.4byte	.LASF10
 366 0079 03       		.uleb128 0x3
 367 007a 01       		.byte	0x1
 368 007b 08       		.byte	0x8
 369 007c E2000000 		.4byte	.LASF11
 370 0080 04       		.uleb128 0x4
 371 0081 56000000 		.4byte	.LASF12
 372 0085 02       		.byte	0x2
 373 0086 FB01     		.2byte	0x1fb
 374 0088 48000000 		.4byte	0x48
 375 008c 04       		.uleb128 0x4
 376 008d 0E000000 		.4byte	.LASF13
 377 0091 02       		.byte	0x2
 378 0092 FD01     		.2byte	0x1fd
 379 0094 64000000 		.4byte	0x64
 380 0098 03       		.uleb128 0x3
 381 0099 04       		.byte	0x4
 382 009a 04       		.byte	0x4
 383 009b 92000000 		.4byte	.LASF14
 384 009f 03       		.uleb128 0x3
 385 00a0 08       		.byte	0x8
 386 00a1 04       		.byte	0x4
 387 00a2 0C010000 		.4byte	.LASF15
 388 00a6 04       		.uleb128 0x4
 389 00a7 13010000 		.4byte	.LASF16
 390 00ab 02       		.byte	0x2
 391 00ac A702     		.2byte	0x2a7
 392 00ae B2000000 		.4byte	0xb2
 393 00b2 05       		.uleb128 0x5
 394 00b3 8C000000 		.4byte	0x8c
 395 00b7 06       		.uleb128 0x6
 396 00b8 01010000 		.4byte	.LASF17
 397 00bc 01       		.byte	0x1
 398 00bd A9       		.byte	0xa9
 399 00be 00000000 		.4byte	.LFB4
 400 00c2 70000000 		.4byte	.LFE4-.LFB4
 401 00c6 01       		.uleb128 0x1
 402 00c7 9C       		.byte	0x9c
 403 00c8 DC000000 		.4byte	0xdc
 404 00cc 07       		.uleb128 0x7
 405 00cd 0E000000 		.4byte	.LVL0
 406 00d1 5C010000 		.4byte	0x15c
 407 00d5 08       		.uleb128 0x8
 408 00d6 01       		.uleb128 0x1
 409 00d7 50       		.byte	0x50
 410 00d8 01       		.uleb128 0x1
 411 00d9 48       		.byte	0x48
 412 00da 00       		.byte	0
 413 00db 00       		.byte	0
 414 00dc 09       		.uleb128 0x9
ARM GAS  C:\Users\adm\AppData\Local\Temp\ccSbKkpV.s 			page 14


 415 00dd 98000000 		.4byte	.LASF19
 416 00e1 01       		.byte	0x1
 417 00e2 F0       		.byte	0xf0
 418 00e3 00000000 		.4byte	.LFB6
 419 00e7 38000000 		.4byte	.LFE6-.LFB6
 420 00eb 01       		.uleb128 0x1
 421 00ec 9C       		.byte	0x9c
 422 00ed 0E010000 		.4byte	0x10e
 423 00f1 0A       		.uleb128 0xa
 424 00f2 44010000 		.4byte	.LASF24
 425 00f6 01       		.byte	0x1
 426 00f7 F0       		.byte	0xf0
 427 00f8 80000000 		.4byte	0x80
 428 00fc 01       		.uleb128 0x1
 429 00fd 50       		.byte	0x50
 430 00fe 0B       		.uleb128 0xb
 431 00ff 4C010000 		.4byte	.LASF25
 432 0103 01       		.byte	0x1
 433 0104 F2       		.byte	0xf2
 434 0105 8C000000 		.4byte	0x8c
 435 0109 00000000 		.4byte	.LLST0
 436 010d 00       		.byte	0
 437 010e 06       		.uleb128 0x6
 438 010f F0000000 		.4byte	.LASF18
 439 0113 01       		.byte	0x1
 440 0114 D9       		.byte	0xd9
 441 0115 00000000 		.4byte	.LFB5
 442 0119 14000000 		.4byte	.LFE5-.LFB5
 443 011d 01       		.uleb128 0x1
 444 011e 9C       		.byte	0x9c
 445 011f 33010000 		.4byte	0x133
 446 0123 07       		.uleb128 0x7
 447 0124 0E000000 		.4byte	.LVL10
 448 0128 DC000000 		.4byte	0xdc
 449 012c 08       		.uleb128 0x8
 450 012d 01       		.uleb128 0x1
 451 012e 50       		.byte	0x50
 452 012f 01       		.uleb128 0x1
 453 0130 31       		.byte	0x31
 454 0131 00       		.byte	0
 455 0132 00       		.byte	0
 456 0133 0C       		.uleb128 0xc
 457 0134 6E000000 		.4byte	.LASF20
 458 0138 01       		.byte	0x1
 459 0139 1C01     		.2byte	0x11c
 460 013b 70000000 		.4byte	.LFB7
 461 013f 88000000 		.4byte	.LFE7-.LFB7
 462 0143 01       		.uleb128 0x1
 463 0144 9C       		.byte	0x9c
 464 0145 5C010000 		.4byte	0x15c
 465 0149 0D       		.uleb128 0xd
 466 014a C2000000 		.4byte	.LVL11
 467 014e B7000000 		.4byte	0xb7
 468 0152 0D       		.uleb128 0xd
 469 0153 C6000000 		.4byte	.LVL12
 470 0157 0E010000 		.4byte	0x10e
 471 015b 00       		.byte	0
ARM GAS  C:\Users\adm\AppData\Local\Temp\ccSbKkpV.s 			page 15


 472 015c 0E       		.uleb128 0xe
 473 015d AE000000 		.4byte	.LASF26
 474 0161 AE000000 		.4byte	.LASF26
 475 0165 03       		.byte	0x3
 476 0166 6C       		.byte	0x6c
 477 0167 00       		.byte	0
 478              		.section	.debug_abbrev,"",%progbits
 479              	.Ldebug_abbrev0:
 480 0000 01       		.uleb128 0x1
 481 0001 11       		.uleb128 0x11
 482 0002 01       		.byte	0x1
 483 0003 25       		.uleb128 0x25
 484 0004 0E       		.uleb128 0xe
 485 0005 13       		.uleb128 0x13
 486 0006 0B       		.uleb128 0xb
 487 0007 03       		.uleb128 0x3
 488 0008 0E       		.uleb128 0xe
 489 0009 1B       		.uleb128 0x1b
 490 000a 0E       		.uleb128 0xe
 491 000b 55       		.uleb128 0x55
 492 000c 17       		.uleb128 0x17
 493 000d 11       		.uleb128 0x11
 494 000e 01       		.uleb128 0x1
 495 000f 10       		.uleb128 0x10
 496 0010 17       		.uleb128 0x17
 497 0011 00       		.byte	0
 498 0012 00       		.byte	0
 499 0013 02       		.uleb128 0x2
 500 0014 24       		.uleb128 0x24
 501 0015 00       		.byte	0
 502 0016 0B       		.uleb128 0xb
 503 0017 0B       		.uleb128 0xb
 504 0018 3E       		.uleb128 0x3e
 505 0019 0B       		.uleb128 0xb
 506 001a 03       		.uleb128 0x3
 507 001b 08       		.uleb128 0x8
 508 001c 00       		.byte	0
 509 001d 00       		.byte	0
 510 001e 03       		.uleb128 0x3
 511 001f 24       		.uleb128 0x24
 512 0020 00       		.byte	0
 513 0021 0B       		.uleb128 0xb
 514 0022 0B       		.uleb128 0xb
 515 0023 3E       		.uleb128 0x3e
 516 0024 0B       		.uleb128 0xb
 517 0025 03       		.uleb128 0x3
 518 0026 0E       		.uleb128 0xe
 519 0027 00       		.byte	0
 520 0028 00       		.byte	0
 521 0029 04       		.uleb128 0x4
 522 002a 16       		.uleb128 0x16
 523 002b 00       		.byte	0
 524 002c 03       		.uleb128 0x3
 525 002d 0E       		.uleb128 0xe
 526 002e 3A       		.uleb128 0x3a
 527 002f 0B       		.uleb128 0xb
 528 0030 3B       		.uleb128 0x3b
ARM GAS  C:\Users\adm\AppData\Local\Temp\ccSbKkpV.s 			page 16


 529 0031 05       		.uleb128 0x5
 530 0032 49       		.uleb128 0x49
 531 0033 13       		.uleb128 0x13
 532 0034 00       		.byte	0
 533 0035 00       		.byte	0
 534 0036 05       		.uleb128 0x5
 535 0037 35       		.uleb128 0x35
 536 0038 00       		.byte	0
 537 0039 49       		.uleb128 0x49
 538 003a 13       		.uleb128 0x13
 539 003b 00       		.byte	0
 540 003c 00       		.byte	0
 541 003d 06       		.uleb128 0x6
 542 003e 2E       		.uleb128 0x2e
 543 003f 01       		.byte	0x1
 544 0040 03       		.uleb128 0x3
 545 0041 0E       		.uleb128 0xe
 546 0042 3A       		.uleb128 0x3a
 547 0043 0B       		.uleb128 0xb
 548 0044 3B       		.uleb128 0x3b
 549 0045 0B       		.uleb128 0xb
 550 0046 27       		.uleb128 0x27
 551 0047 19       		.uleb128 0x19
 552 0048 11       		.uleb128 0x11
 553 0049 01       		.uleb128 0x1
 554 004a 12       		.uleb128 0x12
 555 004b 06       		.uleb128 0x6
 556 004c 40       		.uleb128 0x40
 557 004d 18       		.uleb128 0x18
 558 004e 9742     		.uleb128 0x2117
 559 0050 19       		.uleb128 0x19
 560 0051 01       		.uleb128 0x1
 561 0052 13       		.uleb128 0x13
 562 0053 00       		.byte	0
 563 0054 00       		.byte	0
 564 0055 07       		.uleb128 0x7
 565 0056 898201   		.uleb128 0x4109
 566 0059 01       		.byte	0x1
 567 005a 11       		.uleb128 0x11
 568 005b 01       		.uleb128 0x1
 569 005c 31       		.uleb128 0x31
 570 005d 13       		.uleb128 0x13
 571 005e 00       		.byte	0
 572 005f 00       		.byte	0
 573 0060 08       		.uleb128 0x8
 574 0061 8A8201   		.uleb128 0x410a
 575 0064 00       		.byte	0
 576 0065 02       		.uleb128 0x2
 577 0066 18       		.uleb128 0x18
 578 0067 9142     		.uleb128 0x2111
 579 0069 18       		.uleb128 0x18
 580 006a 00       		.byte	0
 581 006b 00       		.byte	0
 582 006c 09       		.uleb128 0x9
 583 006d 2E       		.uleb128 0x2e
 584 006e 01       		.byte	0x1
 585 006f 3F       		.uleb128 0x3f
ARM GAS  C:\Users\adm\AppData\Local\Temp\ccSbKkpV.s 			page 17


 586 0070 19       		.uleb128 0x19
 587 0071 03       		.uleb128 0x3
 588 0072 0E       		.uleb128 0xe
 589 0073 3A       		.uleb128 0x3a
 590 0074 0B       		.uleb128 0xb
 591 0075 3B       		.uleb128 0x3b
 592 0076 0B       		.uleb128 0xb
 593 0077 27       		.uleb128 0x27
 594 0078 19       		.uleb128 0x19
 595 0079 11       		.uleb128 0x11
 596 007a 01       		.uleb128 0x1
 597 007b 12       		.uleb128 0x12
 598 007c 06       		.uleb128 0x6
 599 007d 40       		.uleb128 0x40
 600 007e 18       		.uleb128 0x18
 601 007f 9742     		.uleb128 0x2117
 602 0081 19       		.uleb128 0x19
 603 0082 01       		.uleb128 0x1
 604 0083 13       		.uleb128 0x13
 605 0084 00       		.byte	0
 606 0085 00       		.byte	0
 607 0086 0A       		.uleb128 0xa
 608 0087 05       		.uleb128 0x5
 609 0088 00       		.byte	0
 610 0089 03       		.uleb128 0x3
 611 008a 0E       		.uleb128 0xe
 612 008b 3A       		.uleb128 0x3a
 613 008c 0B       		.uleb128 0xb
 614 008d 3B       		.uleb128 0x3b
 615 008e 0B       		.uleb128 0xb
 616 008f 49       		.uleb128 0x49
 617 0090 13       		.uleb128 0x13
 618 0091 02       		.uleb128 0x2
 619 0092 18       		.uleb128 0x18
 620 0093 00       		.byte	0
 621 0094 00       		.byte	0
 622 0095 0B       		.uleb128 0xb
 623 0096 34       		.uleb128 0x34
 624 0097 00       		.byte	0
 625 0098 03       		.uleb128 0x3
 626 0099 0E       		.uleb128 0xe
 627 009a 3A       		.uleb128 0x3a
 628 009b 0B       		.uleb128 0xb
 629 009c 3B       		.uleb128 0x3b
 630 009d 0B       		.uleb128 0xb
 631 009e 49       		.uleb128 0x49
 632 009f 13       		.uleb128 0x13
 633 00a0 02       		.uleb128 0x2
 634 00a1 17       		.uleb128 0x17
 635 00a2 00       		.byte	0
 636 00a3 00       		.byte	0
 637 00a4 0C       		.uleb128 0xc
 638 00a5 2E       		.uleb128 0x2e
 639 00a6 01       		.byte	0x1
 640 00a7 3F       		.uleb128 0x3f
 641 00a8 19       		.uleb128 0x19
 642 00a9 03       		.uleb128 0x3
ARM GAS  C:\Users\adm\AppData\Local\Temp\ccSbKkpV.s 			page 18


 643 00aa 0E       		.uleb128 0xe
 644 00ab 3A       		.uleb128 0x3a
 645 00ac 0B       		.uleb128 0xb
 646 00ad 3B       		.uleb128 0x3b
 647 00ae 05       		.uleb128 0x5
 648 00af 27       		.uleb128 0x27
 649 00b0 19       		.uleb128 0x19
 650 00b1 11       		.uleb128 0x11
 651 00b2 01       		.uleb128 0x1
 652 00b3 12       		.uleb128 0x12
 653 00b4 06       		.uleb128 0x6
 654 00b5 40       		.uleb128 0x40
 655 00b6 18       		.uleb128 0x18
 656 00b7 9742     		.uleb128 0x2117
 657 00b9 19       		.uleb128 0x19
 658 00ba 01       		.uleb128 0x1
 659 00bb 13       		.uleb128 0x13
 660 00bc 00       		.byte	0
 661 00bd 00       		.byte	0
 662 00be 0D       		.uleb128 0xd
 663 00bf 898201   		.uleb128 0x4109
 664 00c2 00       		.byte	0
 665 00c3 11       		.uleb128 0x11
 666 00c4 01       		.uleb128 0x1
 667 00c5 31       		.uleb128 0x31
 668 00c6 13       		.uleb128 0x13
 669 00c7 00       		.byte	0
 670 00c8 00       		.byte	0
 671 00c9 0E       		.uleb128 0xe
 672 00ca 2E       		.uleb128 0x2e
 673 00cb 00       		.byte	0
 674 00cc 3F       		.uleb128 0x3f
 675 00cd 19       		.uleb128 0x19
 676 00ce 3C       		.uleb128 0x3c
 677 00cf 19       		.uleb128 0x19
 678 00d0 6E       		.uleb128 0x6e
 679 00d1 0E       		.uleb128 0xe
 680 00d2 03       		.uleb128 0x3
 681 00d3 0E       		.uleb128 0xe
 682 00d4 3A       		.uleb128 0x3a
 683 00d5 0B       		.uleb128 0xb
 684 00d6 3B       		.uleb128 0x3b
 685 00d7 0B       		.uleb128 0xb
 686 00d8 00       		.byte	0
 687 00d9 00       		.byte	0
 688 00da 00       		.byte	0
 689              		.section	.debug_loc,"",%progbits
 690              	.Ldebug_loc0:
 691              	.LLST0:
 692 0000 04000000 		.4byte	.LVL2
 693 0004 12000000 		.4byte	.LVL4
 694 0008 0100     		.2byte	0x1
 695 000a 53       		.byte	0x53
 696 000b 14000000 		.4byte	.LVL5
 697 000f 1A000000 		.4byte	.LVL6
 698 0013 0100     		.2byte	0x1
 699 0015 53       		.byte	0x53
ARM GAS  C:\Users\adm\AppData\Local\Temp\ccSbKkpV.s 			page 19


 700 0016 1A000000 		.4byte	.LVL6
 701 001a 1C000000 		.4byte	.LVL7
 702 001e 0200     		.2byte	0x2
 703 0020 72       		.byte	0x72
 704 0021 00       		.sleb128 0
 705 0022 1C000000 		.4byte	.LVL7
 706 0026 38000000 		.4byte	.LFE6
 707 002a 0100     		.2byte	0x1
 708 002c 53       		.byte	0x53
 709 002d 00000000 		.4byte	0
 710 0031 00000000 		.4byte	0
 711              		.section	.debug_aranges,"",%progbits
 712 0000 34000000 		.4byte	0x34
 713 0004 0200     		.2byte	0x2
 714 0006 00000000 		.4byte	.Ldebug_info0
 715 000a 04       		.byte	0x4
 716 000b 00       		.byte	0
 717 000c 0000     		.2byte	0
 718 000e 0000     		.2byte	0
 719 0010 00000000 		.4byte	.LFB4
 720 0014 70000000 		.4byte	.LFE4-.LFB4
 721 0018 00000000 		.4byte	.LFB6
 722 001c 38000000 		.4byte	.LFE6-.LFB6
 723 0020 00000000 		.4byte	.LFB5
 724 0024 14000000 		.4byte	.LFE5-.LFB5
 725 0028 70000000 		.4byte	.LFB7
 726 002c 88000000 		.4byte	.LFE7-.LFB7
 727 0030 00000000 		.4byte	0
 728 0034 00000000 		.4byte	0
 729              		.section	.debug_ranges,"",%progbits
 730              	.Ldebug_ranges0:
 731 0000 00000000 		.4byte	.LFB4
 732 0004 70000000 		.4byte	.LFE4
 733 0008 00000000 		.4byte	.LFB6
 734 000c 38000000 		.4byte	.LFE6
 735 0010 00000000 		.4byte	.LFB5
 736 0014 14000000 		.4byte	.LFE5
 737 0018 70000000 		.4byte	.LFB7
 738 001c F8000000 		.4byte	.LFE7
 739 0020 00000000 		.4byte	0
 740 0024 00000000 		.4byte	0
 741              		.section	.debug_line,"",%progbits
 742              	.Ldebug_line0:
 743 0000 B8000000 		.section	.debug_str,"MS",%progbits,1
 743      02005400 
 743      00000201 
 743      FB0E0D00 
 743      01010101 
 744              	.LASF1:
 745 0000 6C6F6E67 		.ascii	"long long int\000"
 745      206C6F6E 
 745      6720696E 
 745      7400
 746              	.LASF13:
 747 000e 75696E74 		.ascii	"uint32\000"
 747      333200
 748              	.LASF22:
ARM GAS  C:\Users\adm\AppData\Local\Temp\ccSbKkpV.s 			page 20


 749 0015 47656E65 		.ascii	"Generated_Source\\PSoC4\\cyfitter_cfg.c\000"
 749      72617465 
 749      645F536F 
 749      75726365 
 749      5C50536F 
 750              	.LASF0:
 751 003b 756E7369 		.ascii	"unsigned int\000"
 751      676E6564 
 751      20696E74 
 751      00
 752              	.LASF4:
 753 0048 756E7369 		.ascii	"unsigned char\000"
 753      676E6564 
 753      20636861 
 753      7200
 754              	.LASF12:
 755 0056 75696E74 		.ascii	"uint8\000"
 755      3800
 756              	.LASF8:
 757 005c 6C6F6E67 		.ascii	"long unsigned int\000"
 757      20756E73 
 757      69676E65 
 757      6420696E 
 757      7400
 758              	.LASF20:
 759 006e 63796669 		.ascii	"cyfitter_cfg\000"
 759      74746572 
 759      5F636667 
 759      00
 760              	.LASF9:
 761 007b 6C6F6E67 		.ascii	"long long unsigned int\000"
 761      206C6F6E 
 761      6720756E 
 761      7369676E 
 761      65642069 
 762              	.LASF14:
 763 0092 666C6F61 		.ascii	"float\000"
 763      7400
 764              	.LASF19:
 765 0098 53657441 		.ascii	"SetAnalogRoutingPumps\000"
 765      6E616C6F 
 765      67526F75 
 765      74696E67 
 765      50756D70 
 766              	.LASF26:
 767 00ae 43795379 		.ascii	"CySysClkWriteImoFreq\000"
 767      73436C6B 
 767      57726974 
 767      65496D6F 
 767      46726571 
 768              	.LASF23:
 769 00c3 463A5C43 		.ascii	"F:\\CapSense_Tasks\\Task_2.cydsn\000"
 769      61705365 
 769      6E73655F 
 769      5461736B 
 769      735C5461 
 770              	.LASF11:
ARM GAS  C:\Users\adm\AppData\Local\Temp\ccSbKkpV.s 			page 21


 771 00e2 63686172 		.ascii	"char\000"
 771      00
 772              	.LASF7:
 773 00e7 6C6F6E67 		.ascii	"long int\000"
 773      20696E74 
 773      00
 774              	.LASF18:
 775 00f0 416E616C 		.ascii	"AnalogSetDefault\000"
 775      6F675365 
 775      74446566 
 775      61756C74 
 775      00
 776              	.LASF17:
 777 0101 436C6F63 		.ascii	"ClockSetup\000"
 777      6B536574 
 777      757000
 778              	.LASF15:
 779 010c 646F7562 		.ascii	"double\000"
 779      6C6500
 780              	.LASF16:
 781 0113 72656733 		.ascii	"reg32\000"
 781      3200
 782              	.LASF6:
 783 0119 73686F72 		.ascii	"short unsigned int\000"
 783      7420756E 
 783      7369676E 
 783      65642069 
 783      6E7400
 784              	.LASF3:
 785 012c 7369676E 		.ascii	"signed char\000"
 785      65642063 
 785      68617200 
 786              	.LASF2:
 787 0138 6C6F6E67 		.ascii	"long double\000"
 787      20646F75 
 787      626C6500 
 788              	.LASF24:
 789 0144 656E6162 		.ascii	"enabled\000"
 789      6C656400 
 790              	.LASF25:
 791 014c 72656756 		.ascii	"regValue\000"
 791      616C7565 
 791      00
 792              	.LASF5:
 793 0155 73686F72 		.ascii	"short int\000"
 793      7420696E 
 793      7400
 794              	.LASF21:
 795 015f 474E5520 		.ascii	"GNU C11 5.4.1 20160609 (release) [ARM/embedded-5-br"
 795      43313120 
 795      352E342E 
 795      31203230 
 795      31363036 
 796 0192 616E6368 		.ascii	"anch revision 237715] -mcpu=cortex-m0plus -mthumb -"
 796      20726576 
 796      6973696F 
 796      6E203233 
ARM GAS  C:\Users\adm\AppData\Local\Temp\ccSbKkpV.s 			page 22


 796      37373135 
 797 01c5 67202D4F 		.ascii	"g -Og -ffunction-sections -ffat-lto-objects\000"
 797      67202D66 
 797      66756E63 
 797      74696F6E 
 797      2D736563 
 798              	.LASF10:
 799 01f1 73697A65 		.ascii	"sizetype\000"
 799      74797065 
 799      00
 800              		.ident	"GCC: (GNU Tools for ARM Embedded Processors) 5.4.1 20160609 (release) [ARM/embedded-5-bran
